--- Logging error ---
Traceback (most recent call last):
  File "C:\Users\USER\telegram_media_bot\handlers\media.py", line 116, in _download_and_send
    await message.edit_text("\U0001f4e4 Enviando el archivo a Telegram…")
  File "C:\Users\USER\AppData\Local\Python\pythoncore-3.14-64\Lib\site-packages\telegram\_message.py", line 4473, in edit_text
    return await self.get_bot().edit_message_text(
           ^^^^^^^^^^^^^^^^^^^^^^^^^^^^^^^^^^^^^^^
    ...<15 lines>...
    )
    ^
  File "C:\Users\USER\AppData\Local\Python\pythoncore-3.14-64\Lib\site-packages\telegram\ext\_extbot.py", line 1763, in edit_message_text
    return await super().edit_message_text(
           ^^^^^^^^^^^^^^^^^^^^^^^^^^^^^^^^
    ...<15 lines>...
    )
    ^
  File "C:\Users\USER\AppData\Local\Python\pythoncore-3.14-64\Lib\site-packages\telegram\_bot.py", line 4465, in edit_message_text
    return await self._send_message(
           ^^^^^^^^^^^^^^^^^^^^^^^^^
    ...<11 lines>...
    )
    ^
  File "C:\Users\USER\AppData\Local\Python\pythoncore-3.14-64\Lib\site-packages\telegram\ext\_extbot.py", line 638, in _send_message
    result = await super()._send_message(
             ^^^^^^^^^^^^^^^^^^^^^^^^^^^^
    ...<23 lines>...
    )
    ^
  File "C:\Users\USER\AppData\Local\Python\pythoncore-3.14-64\Lib\site-packages\telegram\_bot.py", line 828, in _send_message
    result = await self._post(
             ^^^^^^^^^^^^^^^^^
    ...<7 lines>...
    )
    ^
  File "C:\Users\USER\AppData\Local\Python\pythoncore-3.14-64\Lib\site-packages\telegram\_bot.py", line 712, in _post
    return await self._do_post(
           ^^^^^^^^^^^^^^^^^^^^
    ...<6 lines>...
    )
    ^
  File "C:\Users\USER\AppData\Local\Python\pythoncore-3.14-64\Lib\site-packages\telegram\ext\_extbot.py", line 378, in _do_post
    return await super()._do_post(
           ^^^^^^^^^^^^^^^^^^^^^^^
    ...<6 lines>...
    )
    ^
  File "C:\Users\USER\AppData\Local\Python\pythoncore-3.14-64\Lib\site-packages\telegram\_bot.py", line 741, in _do_post
    result = await request.post(
             ^^^^^^^^^^^^^^^^^^^
    ...<6 lines>...
    )
    ^
  File "C:\Users\USER\AppData\Local\Python\pythoncore-3.14-64\Lib\site-packages\telegram\request\_baserequest.py", line 198, in post
    result = await self._request_wrapper(
             ^^^^^^^^^^^^^^^^^^^^^^^^^^^^
    ...<7 lines>...
    )
    ^
  File "C:\Users\USER\AppData\Local\Python\pythoncore-3.14-64\Lib\site-packages\telegram\request\_baserequest.py", line 351, in _request_wrapper
    raise RetryAfter(retry_after)
telegram.error.RetryAfter: Flood control exceeded. Retry in 20 seconds

During handling of the above exception, another exception occurred:

Traceback (most recent call last):
  File "C:\Users\USER\AppData\Local\Python\pythoncore-3.14-64\Lib\logging\__init__.py", line 1154, in emit
    stream.write(msg + self.terminator)
    ~~~~~~~~~~~~^^^^^^^^^^^^^^^^^^^^^^^
  File "C:\Users\USER\AppData\Local\Python\pythoncore-3.14-64\Lib\encodings\cp1252.py", line 19, in encode
    return codecs.charmap_encode(input,self.errors,encoding_table)[0]
           ~~~~~~~~~~~~~~~~~~~~~^^^^^^^^^^^^^^^^^^^^^^^^^^^^^^^^^^
UnicodeEncodeError: 'charmap' codec can't encode character '\U0001f4e4' in position 239: character maps to <undefined>
Call stack:
  File "C:\Users\USER\telegram_media_bot\bot.py", line 65, in <module>
    main()
  File "C:\Users\USER\telegram_media_bot\bot.py", line 61, in main
    application.run_polling(allowed_updates=Update.ALL_TYPES)
  File "C:\Users\USER\AppData\Local\Python\pythoncore-3.14-64\Lib\site-packages\telegram\ext\_application.py", line 839, in run_polling
    return self.__run(
  File "C:\Users\USER\AppData\Local\Python\pythoncore-3.14-64\Lib\site-packages\telegram\ext\_application.py", line 1062, in __run
    loop.run_forever()
  File "C:\Users\USER\AppData\Local\Python\pythoncore-3.14-64\Lib\asyncio\base_events.py", line 677, in run_forever
    self._run_once()
  File "C:\Users\USER\AppData\Local\Python\pythoncore-3.14-64\Lib\asyncio\base_events.py", line 2056, in _run_once
    handle._run()
  File "C:\Users\USER\AppData\Local\Python\pythoncore-3.14-64\Lib\asyncio\events.py", line 94, in _run
    self._context.run(self._callback, *self._args)
  File "C:\Users\USER\AppData\Local\Python\pythoncore-3.14-64\Lib\site-packages\telegram\ext\_application.py", line 1182, in __create_task_callback
    return await coroutine  # type: ignore[misc]
  File "C:\Users\USER\telegram_media_bot\handlers\media.py", line 132, in _download_and_send
    logger.exception("Telegram rechazó el archivo")
Message: 'Telegram rechazó el archivo'
Arguments: ()
--- Logging error ---
Traceback (most recent call last):
  File "C:\Users\USER\telegram_media_bot\handlers\media.py", line 116, in _download_and_send
    await message.edit_text("\U0001f4e4 Enviando el archivo a Telegram…")
  File "C:\Users\USER\AppData\Local\Python\pythoncore-3.14-64\Lib\site-packages\telegram\_message.py", line 4473, in edit_text
    return await self.get_bot().edit_message_text(
           ^^^^^^^^^^^^^^^^^^^^^^^^^^^^^^^^^^^^^^^
    ...<15 lines>...
    )
    ^
  File "C:\Users\USER\AppData\Local\Python\pythoncore-3.14-64\Lib\site-packages\telegram\ext\_extbot.py", line 1763, in edit_message_text
    return await super().edit_message_text(
           ^^^^^^^^^^^^^^^^^^^^^^^^^^^^^^^^
    ...<15 lines>...
    )
    ^
  File "C:\Users\USER\AppData\Local\Python\pythoncore-3.14-64\Lib\site-packages\telegram\_bot.py", line 4465, in edit_message_text
    return await self._send_message(
           ^^^^^^^^^^^^^^^^^^^^^^^^^
    ...<11 lines>...
    )
    ^
  File "C:\Users\USER\AppData\Local\Python\pythoncore-3.14-64\Lib\site-packages\telegram\ext\_extbot.py", line 638, in _send_message
    result = await super()._send_message(
             ^^^^^^^^^^^^^^^^^^^^^^^^^^^^
    ...<23 lines>...
    )
    ^
  File "C:\Users\USER\AppData\Local\Python\pythoncore-3.14-64\Lib\site-packages\telegram\_bot.py", line 828, in _send_message
    result = await self._post(
             ^^^^^^^^^^^^^^^^^
    ...<7 lines>...
    )
    ^
  File "C:\Users\USER\AppData\Local\Python\pythoncore-3.14-64\Lib\site-packages\telegram\_bot.py", line 712, in _post
    return await self._do_post(
           ^^^^^^^^^^^^^^^^^^^^
    ...<6 lines>...
    )
    ^
  File "C:\Users\USER\AppData\Local\Python\pythoncore-3.14-64\Lib\site-packages\telegram\ext\_extbot.py", line 378, in _do_post
    return await super()._do_post(
           ^^^^^^^^^^^^^^^^^^^^^^^
    ...<6 lines>...
    )
    ^
  File "C:\Users\USER\AppData\Local\Python\pythoncore-3.14-64\Lib\site-packages\telegram\_bot.py", line 741, in _do_post
    result = await request.post(
             ^^^^^^^^^^^^^^^^^^^
    ...<6 lines>...
    )
    ^
  File "C:\Users\USER\AppData\Local\Python\pythoncore-3.14-64\Lib\site-packages\telegram\request\_baserequest.py", line 198, in post
    result = await self._request_wrapper(
             ^^^^^^^^^^^^^^^^^^^^^^^^^^^^
    ...<7 lines>...
    )
    ^
  File "C:\Users\USER\AppData\Local\Python\pythoncore-3.14-64\Lib\site-packages\telegram\request\_baserequest.py", line 351, in _request_wrapper
    raise RetryAfter(retry_after)
telegram.error.RetryAfter: Flood control exceeded. Retry in 20 seconds

During handling of the above exception, another exception occurred:

Traceback (most recent call last):
  File "C:\Users\USER\AppData\Local\Python\pythoncore-3.14-64\Lib\site-packages\telegram\ext\_application.py", line 1182, in __create_task_callback
    return await coroutine  # type: ignore[misc]
           ^^^^^^^^^^^^^^^
  File "C:\Users\USER\telegram_media_bot\handlers\media.py", line 133, in _download_and_send
    await message.edit_text("\u26a0\ufe0f Telegram no pudo aceptar el archivo. Puede ser demasiado grande o tener un formato no permitido.")
  File "C:\Users\USER\AppData\Local\Python\pythoncore-3.14-64\Lib\site-packages\telegram\_message.py", line 4473, in edit_text
    return await self.get_bot().edit_message_text(
           ^^^^^^^^^^^^^^^^^^^^^^^^^^^^^^^^^^^^^^^
    ...<15 lines>...
    )
    ^
  File "C:\Users\USER\AppData\Local\Python\pythoncore-3.14-64\Lib\site-packages\telegram\ext\_extbot.py", line 1763, in edit_message_text
    return await super().edit_message_text(
           ^^^^^^^^^^^^^^^^^^^^^^^^^^^^^^^^
    ...<15 lines>...
    )
    ^
  File "C:\Users\USER\AppData\Local\Python\pythoncore-3.14-64\Lib\site-packages\telegram\_bot.py", line 4465, in edit_message_text
    return await self._send_message(
           ^^^^^^^^^^^^^^^^^^^^^^^^^
    ...<11 lines>...
    )
    ^
  File "C:\Users\USER\AppData\Local\Python\pythoncore-3.14-64\Lib\site-packages\telegram\ext\_extbot.py", line 638, in _send_message
    result = await super()._send_message(
             ^^^^^^^^^^^^^^^^^^^^^^^^^^^^
    ...<23 lines>...
    )
    ^
  File "C:\Users\USER\AppData\Local\Python\pythoncore-3.14-64\Lib\site-packages\telegram\_bot.py", line 828, in _send_message
    result = await self._post(
             ^^^^^^^^^^^^^^^^^
    ...<7 lines>...
    )
    ^
  File "C:\Users\USER\AppData\Local\Python\pythoncore-3.14-64\Lib\site-packages\telegram\_bot.py", line 712, in _post
    return await self._do_post(
           ^^^^^^^^^^^^^^^^^^^^
    ...<6 lines>...
    )
    ^
  File "C:\Users\USER\AppData\Local\Python\pythoncore-3.14-64\Lib\site-packages\telegram\ext\_extbot.py", line 378, in _do_post
    return await super()._do_post(
           ^^^^^^^^^^^^^^^^^^^^^^^
    ...<6 lines>...
    )
    ^
  File "C:\Users\USER\AppData\Local\Python\pythoncore-3.14-64\Lib\site-packages\telegram\_bot.py", line 741, in _do_post
    result = await request.post(
             ^^^^^^^^^^^^^^^^^^^
    ...<6 lines>...
    )
    ^
  File "C:\Users\USER\AppData\Local\Python\pythoncore-3.14-64\Lib\site-packages\telegram\request\_baserequest.py", line 198, in post
    result = await self._request_wrapper(
             ^^^^^^^^^^^^^^^^^^^^^^^^^^^^
    ...<7 lines>...
    )
    ^
  File "C:\Users\USER\AppData\Local\Python\pythoncore-3.14-64\Lib\site-packages\telegram\request\_baserequest.py", line 351, in _request_wrapper
    raise RetryAfter(retry_after)
telegram.error.RetryAfter: Flood control exceeded. Retry in 19 seconds

During handling of the above exception, another exception occurred:

Traceback (most recent call last):
  File "C:\Users\USER\AppData\Local\Python\pythoncore-3.14-64\Lib\logging\__init__.py", line 1154, in emit
    stream.write(msg + self.terminator)
    ~~~~~~~~~~~~^^^^^^^^^^^^^^^^^^^^^^^
  File "C:\Users\USER\AppData\Local\Python\pythoncore-3.14-64\Lib\encodings\cp1252.py", line 19, in encode
    return codecs.charmap_encode(input,self.errors,encoding_table)[0]
           ~~~~~~~~~~~~~~~~~~~~~^^^^^^^^^^^^^^^^^^^^^^^^^^^^^^^^^^
UnicodeEncodeError: 'charmap' codec can't encode character '\U0001f4e4' in position 259: character maps to <undefined>
Call stack:
  File "C:\Users\USER\telegram_media_bot\bot.py", line 65, in <module>
    main()
  File "C:\Users\USER\telegram_media_bot\bot.py", line 61, in main
    application.run_polling(allowed_updates=Update.ALL_TYPES)
  File "C:\Users\USER\AppData\Local\Python\pythoncore-3.14-64\Lib\site-packages\telegram\ext\_application.py", line 839, in run_polling
    return self.__run(
  File "C:\Users\USER\AppData\Local\Python\pythoncore-3.14-64\Lib\site-packages\telegram\ext\_application.py", line 1062, in __run
    loop.run_forever()
  File "C:\Users\USER\AppData\Local\Python\pythoncore-3.14-64\Lib\asyncio\base_events.py", line 677, in run_forever
    self._run_once()
  File "C:\Users\USER\AppData\Local\Python\pythoncore-3.14-64\Lib\asyncio\base_events.py", line 2056, in _run_once
    handle._run()
  File "C:\Users\USER\AppData\Local\Python\pythoncore-3.14-64\Lib\asyncio\events.py", line 94, in _run
    self._context.run(self._callback, *self._args)
  File "C:\Users\USER\AppData\Local\Python\pythoncore-3.14-64\Lib\site-packages\telegram\ext\_application.py", line 1202, in __create_task_callback
    await self.process_error(update=update, error=exception, coroutine=coroutine)
  File "C:\Users\USER\AppData\Local\Python\pythoncore-3.14-64\Lib\site-packages\telegram\ext\_application.py", line 1928, in process_error
    await callback(update, context)
  File "C:\Users\USER\telegram_media_bot\bot.py", line 29, in error_handler
    logging.getLogger(__name__).exception("Excepción no controlada al procesar una actualización", exc_info=context.error)
Message: 'Excepción no controlada al procesar una actualización'
Arguments: ()
--- Logging error ---
Traceback (most recent call last):
  File "C:\Users\USER\telegram_media_bot\handlers\media.py", line 116, in _download_and_send
    await message.edit_text("\U0001f4e4 Enviando el archivo a Telegram…")
  File "C:\Users\USER\AppData\Local\Python\pythoncore-3.14-64\Lib\site-packages\telegram\_message.py", line 4473, in edit_text
    return await self.get_bot().edit_message_text(
           ^^^^^^^^^^^^^^^^^^^^^^^^^^^^^^^^^^^^^^^
    ...<15 lines>...
    )
    ^
  File "C:\Users\USER\AppData\Local\Python\pythoncore-3.14-64\Lib\site-packages\telegram\ext\_extbot.py", line 1763, in edit_message_text
    return await super().edit_message_text(
           ^^^^^^^^^^^^^^^^^^^^^^^^^^^^^^^^
    ...<15 lines>...
    )
    ^
  File "C:\Users\USER\AppData\Local\Python\pythoncore-3.14-64\Lib\site-packages\telegram\_bot.py", line 4465, in edit_message_text
    return await self._send_message(
           ^^^^^^^^^^^^^^^^^^^^^^^^^
    ...<11 lines>...
    )
    ^
  File "C:\Users\USER\AppData\Local\Python\pythoncore-3.14-64\Lib\site-packages\telegram\ext\_extbot.py", line 638, in _send_message
    result = await super()._send_message(
             ^^^^^^^^^^^^^^^^^^^^^^^^^^^^
    ...<23 lines>...
    )
    ^
  File "C:\Users\USER\AppData\Local\Python\pythoncore-3.14-64\Lib\site-packages\telegram\_bot.py", line 828, in _send_message
    result = await self._post(
             ^^^^^^^^^^^^^^^^^
    ...<7 lines>...
    )
    ^
  File "C:\Users\USER\AppData\Local\Python\pythoncore-3.14-64\Lib\site-packages\telegram\_bot.py", line 712, in _post
    return await self._do_post(
           ^^^^^^^^^^^^^^^^^^^^
    ...<6 lines>...
    )
    ^
  File "C:\Users\USER\AppData\Local\Python\pythoncore-3.14-64\Lib\site-packages\telegram\ext\_extbot.py", line 378, in _do_post
    return await super()._do_post(
           ^^^^^^^^^^^^^^^^^^^^^^^
    ...<6 lines>...
    )
    ^
  File "C:\Users\USER\AppData\Local\Python\pythoncore-3.14-64\Lib\site-packages\telegram\_bot.py", line 741, in _do_post
    result = await request.post(
             ^^^^^^^^^^^^^^^^^^^
    ...<6 lines>...
    )
    ^
  File "C:\Users\USER\AppData\Local\Python\pythoncore-3.14-64\Lib\site-packages\telegram\request\_baserequest.py", line 198, in post
    result = await self._request_wrapper(
             ^^^^^^^^^^^^^^^^^^^^^^^^^^^^
    ...<7 lines>...
    )
    ^
  File "C:\Users\USER\AppData\Local\Python\pythoncore-3.14-64\Lib\site-packages\telegram\request\_baserequest.py", line 351, in _request_wrapper
    raise RetryAfter(retry_after)
telegram.error.RetryAfter: Flood control exceeded. Retry in 33 seconds

During handling of the above exception, another exception occurred:

Traceback (most recent call last):
  File "C:\Users\USER\AppData\Local\Python\pythoncore-3.14-64\Lib\logging\__init__.py", line 1154, in emit
    stream.write(msg + self.terminator)
    ~~~~~~~~~~~~^^^^^^^^^^^^^^^^^^^^^^^
  File "C:\Users\USER\AppData\Local\Python\pythoncore-3.14-64\Lib\encodings\cp1252.py", line 19, in encode
    return codecs.charmap_encode(input,self.errors,encoding_table)[0]
           ~~~~~~~~~~~~~~~~~~~~~^^^^^^^^^^^^^^^^^^^^^^^^^^^^^^^^^^
UnicodeEncodeError: 'charmap' codec can't encode character '\U0001f4e4' in position 239: character maps to <undefined>
Call stack:
  File "C:\Users\USER\telegram_media_bot\bot.py", line 65, in <module>
    main()
  File "C:\Users\USER\telegram_media_bot\bot.py", line 61, in main
    application.run_polling(allowed_updates=Update.ALL_TYPES)
  File "C:\Users\USER\AppData\Local\Python\pythoncore-3.14-64\Lib\site-packages\telegram\ext\_application.py", line 839, in run_polling
    return self.__run(
  File "C:\Users\USER\AppData\Local\Python\pythoncore-3.14-64\Lib\site-packages\telegram\ext\_application.py", line 1062, in __run
    loop.run_forever()
  File "C:\Users\USER\AppData\Local\Python\pythoncore-3.14-64\Lib\asyncio\base_events.py", line 677, in run_forever
    self._run_once()
  File "C:\Users\USER\AppData\Local\Python\pythoncore-3.14-64\Lib\asyncio\base_events.py", line 2056, in _run_once
    handle._run()
  File "C:\Users\USER\AppData\Local\Python\pythoncore-3.14-64\Lib\asyncio\events.py", line 94, in _run
    self._context.run(self._callback, *self._args)
  File "C:\Users\USER\AppData\Local\Python\pythoncore-3.14-64\Lib\site-packages\telegram\ext\_application.py", line 1182, in __create_task_callback
    return await coroutine  # type: ignore[misc]
  File "C:\Users\USER\telegram_media_bot\handlers\media.py", line 132, in _download_and_send
    logger.exception("Telegram rechazó el archivo")
Message: 'Telegram rechazó el archivo'
Arguments: ()
--- Logging error ---
Traceback (most recent call last):
  File "C:\Users\USER\telegram_media_bot\handlers\media.py", line 116, in _download_and_send
    await message.edit_text("\U0001f4e4 Enviando el archivo a Telegram…")
  File "C:\Users\USER\AppData\Local\Python\pythoncore-3.14-64\Lib\site-packages\telegram\_message.py", line 4473, in edit_text
    return await self.get_bot().edit_message_text(
           ^^^^^^^^^^^^^^^^^^^^^^^^^^^^^^^^^^^^^^^
    ...<15 lines>...
    )
    ^
  File "C:\Users\USER\AppData\Local\Python\pythoncore-3.14-64\Lib\site-packages\telegram\ext\_extbot.py", line 1763, in edit_message_text
    return await super().edit_message_text(
           ^^^^^^^^^^^^^^^^^^^^^^^^^^^^^^^^
    ...<15 lines>...
    )
    ^
  File "C:\Users\USER\AppData\Local\Python\pythoncore-3.14-64\Lib\site-packages\telegram\_bot.py", line 4465, in edit_message_text
    return await self._send_message(
           ^^^^^^^^^^^^^^^^^^^^^^^^^
    ...<11 lines>...
    )
    ^
  File "C:\Users\USER\AppData\Local\Python\pythoncore-3.14-64\Lib\site-packages\telegram\ext\_extbot.py", line 638, in _send_message
    result = await super()._send_message(
             ^^^^^^^^^^^^^^^^^^^^^^^^^^^^
    ...<23 lines>...
    )
    ^
  File "C:\Users\USER\AppData\Local\Python\pythoncore-3.14-64\Lib\site-packages\telegram\_bot.py", line 828, in _send_message
    result = await self._post(
             ^^^^^^^^^^^^^^^^^
    ...<7 lines>...
    )
    ^
  File "C:\Users\USER\AppData\Local\Python\pythoncore-3.14-64\Lib\site-packages\telegram\_bot.py", line 712, in _post
    return await self._do_post(
           ^^^^^^^^^^^^^^^^^^^^
    ...<6 lines>...
    )
    ^
  File "C:\Users\USER\AppData\Local\Python\pythoncore-3.14-64\Lib\site-packages\telegram\ext\_extbot.py", line 378, in _do_post
    return await super()._do_post(
           ^^^^^^^^^^^^^^^^^^^^^^^
    ...<6 lines>...
    )
    ^
  File "C:\Users\USER\AppData\Local\Python\pythoncore-3.14-64\Lib\site-packages\telegram\_bot.py", line 741, in _do_post
    result = await request.post(
             ^^^^^^^^^^^^^^^^^^^
    ...<6 lines>...
    )
    ^
  File "C:\Users\USER\AppData\Local\Python\pythoncore-3.14-64\Lib\site-packages\telegram\request\_baserequest.py", line 198, in post
    result = await self._request_wrapper(
             ^^^^^^^^^^^^^^^^^^^^^^^^^^^^
    ...<7 lines>...
    )
    ^
  File "C:\Users\USER\AppData\Local\Python\pythoncore-3.14-64\Lib\site-packages\telegram\request\_baserequest.py", line 351, in _request_wrapper
    raise RetryAfter(retry_after)
telegram.error.RetryAfter: Flood control exceeded. Retry in 33 seconds

During handling of the above exception, another exception occurred:

Traceback (most recent call last):
  File "C:\Users\USER\AppData\Local\Python\pythoncore-3.14-64\Lib\site-packages\telegram\ext\_application.py", line 1182, in __create_task_callback
    return await coroutine  # type: ignore[misc]
           ^^^^^^^^^^^^^^^
  File "C:\Users\USER\telegram_media_bot\handlers\media.py", line 133, in _download_and_send
    await message.edit_text("\u26a0\ufe0f Telegram no pudo aceptar el archivo. Puede ser demasiado grande o tener un formato no permitido.")
  File "C:\Users\USER\AppData\Local\Python\pythoncore-3.14-64\Lib\site-packages\telegram\_message.py", line 4473, in edit_text
    return await self.get_bot().edit_message_text(
           ^^^^^^^^^^^^^^^^^^^^^^^^^^^^^^^^^^^^^^^
    ...<15 lines>...
    )
    ^
  File "C:\Users\USER\AppData\Local\Python\pythoncore-3.14-64\Lib\site-packages\telegram\ext\_extbot.py", line 1763, in edit_message_text
    return await super().edit_message_text(
           ^^^^^^^^^^^^^^^^^^^^^^^^^^^^^^^^
    ...<15 lines>...
    )
    ^
  File "C:\Users\USER\AppData\Local\Python\pythoncore-3.14-64\Lib\site-packages\telegram\_bot.py", line 4465, in edit_message_text
    return await self._send_message(
           ^^^^^^^^^^^^^^^^^^^^^^^^^
    ...<11 lines>...
    )
    ^
  File "C:\Users\USER\AppData\Local\Python\pythoncore-3.14-64\Lib\site-packages\telegram\ext\_extbot.py", line 638, in _send_message
    result = await super()._send_message(
             ^^^^^^^^^^^^^^^^^^^^^^^^^^^^
    ...<23 lines>...
    )
    ^
  File "C:\Users\USER\AppData\Local\Python\pythoncore-3.14-64\Lib\site-packages\telegram\_bot.py", line 828, in _send_message
    result = await self._post(
             ^^^^^^^^^^^^^^^^^
    ...<7 lines>...
    )
    ^
  File "C:\Users\USER\AppData\Local\Python\pythoncore-3.14-64\Lib\site-packages\telegram\_bot.py", line 712, in _post
    return await self._do_post(
           ^^^^^^^^^^^^^^^^^^^^
    ...<6 lines>...
    )
    ^
  File "C:\Users\USER\AppData\Local\Python\pythoncore-3.14-64\Lib\site-packages\telegram\ext\_extbot.py", line 378, in _do_post
    return await super()._do_post(
           ^^^^^^^^^^^^^^^^^^^^^^^
    ...<6 lines>...
    )
    ^
  File "C:\Users\USER\AppData\Local\Python\pythoncore-3.14-64\Lib\site-packages\telegram\_bot.py", line 741, in _do_post
    result = await request.post(
             ^^^^^^^^^^^^^^^^^^^
    ...<6 lines>...
    )
    ^
  File "C:\Users\USER\AppData\Local\Python\pythoncore-3.14-64\Lib\site-packages\telegram\request\_baserequest.py", line 198, in post
    result = await self._request_wrapper(
             ^^^^^^^^^^^^^^^^^^^^^^^^^^^^
    ...<7 lines>...
    )
    ^
  File "C:\Users\USER\AppData\Local\Python\pythoncore-3.14-64\Lib\site-packages\telegram\request\_baserequest.py", line 351, in _request_wrapper
    raise RetryAfter(retry_after)
telegram.error.RetryAfter: Flood control exceeded. Retry in 33 seconds

During handling of the above exception, another exception occurred:

Traceback (most recent call last):
  File "C:\Users\USER\AppData\Local\Python\pythoncore-3.14-64\Lib\logging\__init__.py", line 1154, in emit
    stream.write(msg + self.terminator)
    ~~~~~~~~~~~~^^^^^^^^^^^^^^^^^^^^^^^
  File "C:\Users\USER\AppData\Local\Python\pythoncore-3.14-64\Lib\encodings\cp1252.py", line 19, in encode
    return codecs.charmap_encode(input,self.errors,encoding_table)[0]
           ~~~~~~~~~~~~~~~~~~~~~^^^^^^^^^^^^^^^^^^^^^^^^^^^^^^^^^^
UnicodeEncodeError: 'charmap' codec can't encode character '\U0001f4e4' in position 259: character maps to <undefined>
Call stack:
  File "C:\Users\USER\telegram_media_bot\bot.py", line 65, in <module>
    main()
  File "C:\Users\USER\telegram_media_bot\bot.py", line 61, in main
    application.run_polling(allowed_updates=Update.ALL_TYPES)
  File "C:\Users\USER\AppData\Local\Python\pythoncore-3.14-64\Lib\site-packages\telegram\ext\_application.py", line 839, in run_polling
    return self.__run(
  File "C:\Users\USER\AppData\Local\Python\pythoncore-3.14-64\Lib\site-packages\telegram\ext\_application.py", line 1062, in __run
    loop.run_forever()
  File "C:\Users\USER\AppData\Local\Python\pythoncore-3.14-64\Lib\asyncio\base_events.py", line 677, in run_forever
    self._run_once()
  File "C:\Users\USER\AppData\Local\Python\pythoncore-3.14-64\Lib\asyncio\base_events.py", line 2056, in _run_once
    handle._run()
  File "C:\Users\USER\AppData\Local\Python\pythoncore-3.14-64\Lib\asyncio\events.py", line 94, in _run
    self._context.run(self._callback, *self._args)
  File "C:\Users\USER\AppData\Local\Python\pythoncore-3.14-64\Lib\site-packages\telegram\ext\_application.py", line 1202, in __create_task_callback
    await self.process_error(update=update, error=exception, coroutine=coroutine)
  File "C:\Users\USER\AppData\Local\Python\pythoncore-3.14-64\Lib\site-packages\telegram\ext\_application.py", line 1928, in process_error
    await callback(update, context)
  File "C:\Users\USER\telegram_media_bot\bot.py", line 29, in error_handler
    logging.getLogger(__name__).exception("Excepción no controlada al procesar una actualización", exc_info=context.error)
Message: 'Excepción no controlada al procesar una actualización'
Arguments: ()
